VSTest version 17.14.0 (x64)

Starting test discovery, please wait...
A total of 1 test files matched the specified pattern.
Test Run deployment issue: Failed to get the file for deployment item 'Resources/Rerunner/ReportPortalReruner.exe': System.IO.FileNotFoundException: Could not find file 'C:\Github\WLA_Playwrite\HouseTargaryen\ProductTeams\WlnGrowth\RegressionTests\WestlawAdvantage\bin\Debug\ReportPortalReruner.exe'.
  Failed HomePageSignOutTest [334 ms]
  Error Message:
   Test method WestlawAdvantage.Tests.WlaHomePageTests.HomePageSignOutTest threw exception: 
System.Collections.Generic.KeyNotFoundException: The given key was not present in the dictionary.
  Stack Trace:
      at System.Collections.Concurrent.ConcurrentDictionary`2.get_Item(TKey key)
   at Framework.Common.UI.Utils.Browser.BrowserPool.get_CurrentBrowser() in C:\Github\WLA_Playwrite\HouseTargaryen\TargaryenSolution\Framework.Common.UI\Utils\Browser\BrowserPool.cs:line 50
   at WestlawAdvantage.Tests.WlaHomePageTests.HomePageSignOutTest() in C:\Github\WLA_Playwrite\HouseTargaryen\ProductTeams\WlnGrowth\RegressionTests\WestlawAdvantage\Tests\WlaHomePageTests.cs:line 257

  Standard Output Messages:
 [Playwright] Constructor starting. ShimDir=C:\Github\Seven-Kingdoms\TestResults\Deploy_6120715 2026-03-26 08_21_20\Out, PublishDir=
 [Playwright] EnsurePlaywrightDriver done. Creating Playwright...
 ERROR: [2026-03-26 08:21:23,875] ΓÇô message:Microsoft.Playwright.PlaywrightException: Driver not found: C:\Github\Seven-Kingdoms\TestResults\.playwright\node\win32_x64\playwright.cmd
    at Microsoft.Playwright.Helpers.Driver.GetExecutablePath() in /_/src/Playwright/Helpers/Driver.cs:line 79
    at Microsoft.Playwright.Transport.StdIOTransport.GetProcess() in /_/src/Playwright/Transport/StdIOTransport.cs:line 117
    at Microsoft.Playwright.Transport.StdIOTransport..ctor() in /_/src/Playwright/Transport/StdIOTransport.cs:line 46
    at Microsoft.Playwright.Playwright.<CreateAsync>d__0.MoveNext() in /_/src/Playwright/Playwright.cs:line 44
 --- End of stack trace from previous location where exception was thrown ---
    at System.Runtime.ExceptionServices.ExceptionDispatchInfo.Throw()
    at System.Runtime.CompilerServices.TaskAwaiter.HandleNonSuccessAndDebuggerNotification(Task task)
    at Selenium.Playwright.Shim.Impl.SyncHelper.RunSync[TResult](Func`1 asyncFunc) in C:\Github\WLA_Playwrite\src\Shim\Selenium.Playwright.Shim\Impl\SyncHelper.cs:line 10
    at Selenium.Playwright.Shim.Impl.PlaywrightWebDriver..ctor(ChromeOptions chromeOptions) in C:\Github\WLA_Playwrite\src\Shim\Selenium.Playwright.Shim\Impl\PlaywrightWebDriver.cs:line 104
    at Framework.Common.UI.Utils.Browser.DriverFactory.InitializeChromeDriver(Object browserOptions, String driverLocation) in C:\Github\WLA_Playwrite\HouseTargaryen\TargaryenSolution\Framework.Common.UI\Utils\Browser\DriverFactory.cs:line 210
    at Framework.Common.UI.Utils.Browser.DriverFactory.GetWebDriver(TestClientId supportedBrowser, Object browserOptions, Uri remoteDriverUri, String driverLocation) in C:\Github\WLA_Playwrite\HouseTargaryen\TargaryenSolution\Framework.Common.UI\Utils\Browser\DriverFactory.cs:line 163
    at Framework.Common.UI.Utils.Browser.Browser..ctor(TestClientInfo supportedBrowser, Object browserOptions, String driverLocation) in C:\Github\WLA_Playwrite\HouseTargaryen\TargaryenSolution\Framework.Common.UI\Utils\Browser\Browser.cs:line 48
    at Framework.Common.UI.Tests.BaseWebUiTest.InitializeTestClient() in C:\Github\WLA_Playwrite\HouseTargaryen\TargaryenSolution\Framework.Common.UI\Tests\BaseWebUiTest.cs:line 638
    at Framework.Core.Utils.Execution.SafeMethodExecutor.Execute(Action method) in C:\Github\WLA_Playwrite\HouseTargaryen\TargaryenSolution\Framework.Core\Utils\Execution\SafeMethodExecutor.cs:line 23 
 ERROR: [2026-03-26 08:21:23,889] ΓÇô message:System.Collections.Generic.KeyNotFoundException: The given key was not present in the dictionary.
    at System.Collections.Concurrent.ConcurrentDictionary`2.get_Item(TKey key)
    at Framework.Common.UI.Utils.Browser.BrowserPool.get_CurrentBrowser() in C:\Github\WLA_Playwrite\HouseTargaryen\TargaryenSolution\Framework.Common.UI\Utils\Browser\BrowserPool.cs:line 50
    at Framework.Common.UI.Tests.BaseWebUiTest.PrintSessionId() in C:\Github\WLA_Playwrite\HouseTargaryen\TargaryenSolution\Framework.Common.UI\Tests\BaseWebUiTest.cs:line 558
    at Framework.Common.UI.Tests.BaseWebUiTest.LogExecutionEnd() in C:\Github\WLA_Playwrite\HouseTargaryen\TargaryenSolution\Framework.Common.UI\Tests\BaseWebUiTest.cs:line 421
    at Framework.Core.Utils.Execution.SafeMethodExecutor.Execute(Action method) in C:\Github\WLA_Playwrite\HouseTargaryen\TargaryenSolution\Framework.Core\Utils\Execution\SafeMethodExecutor.cs:line 23 
 INFO: [2026-03-26 08:21:23,890] ΓÇô message:Report portal config json was updated C:\Github\Seven-Kingdoms\TestResults 
 ERROR: [2026-03-26 08:21:23,913] ΓÇô message:System.Collections.Generic.KeyNotFoundException: The given key was not present in the dictionary.
    at System.Collections.Concurrent.ConcurrentDictionary`2.get_Item(TKey key)
    at Framework.Common.UI.Utils.Browser.BrowserPool.get_CurrentBrowser() in C:\Github\WLA_Playwrite\HouseTargaryen\TargaryenSolution\Framework.Common.UI\Utils\Browser\BrowserPool.cs:line 50
    at Framework.Common.UI.Tests.BaseWebUiTest.PrintSessionId() in C:\Github\WLA_Playwrite\HouseTargaryen\TargaryenSolution\Framework.Common.UI\Tests\BaseWebUiTest.cs:line 558
    at Framework.Common.UI.Tests.BaseWebUiTest.LogExecutionEnd() in C:\Github\WLA_Playwrite\HouseTargaryen\TargaryenSolution\Framework.Common.UI\Tests\BaseWebUiTest.cs:line 421
    at Framework.Core.Utils.Execution.SafeMethodExecutor.Execute(Action method) in C:\Github\WLA_Playwrite\HouseTargaryen\TargaryenSolution\Framework.Core\Utils\Execution\SafeMethodExecutor.cs:line 23 
 INFO: [2026-03-26 08:21:23,913] ΓÇô message:Report portal config json was updated C:\Github\Seven-Kingdoms\TestResults 
 ERROR: [2026-03-26 08:21:23,914] ΓÇô message:System.Collections.Generic.KeyNotFoundException: The given key was not present in the dictionary.
    at System.Collections.Concurrent.ConcurrentDictionary`2.get_Item(TKey key)
    at Framework.Common.UI.Utils.Browser.BrowserPool.get_CurrentBrowser() in C:\Github\WLA_Playwrite\HouseTargaryen\TargaryenSolution\Framework.Common.UI\Utils\Browser\BrowserPool.cs:line 50
    at WestlawAdvantage.Tests.WlaBaseTest.PerformUiPostconditionRoutines() in C:\Github\WLA_Playwrite\HouseTargaryen\ProductTeams\WlnGrowth\RegressionTests\WestlawAdvantage\Tests\WlaBaseTest.cs:line 180
    at Framework.Common.UI.Tests.BaseWebUiTest.PerformUiPostconditions() in C:\Github\WLA_Playwrite\HouseTargaryen\TargaryenSolution\Framework.Common.UI\Tests\BaseWebUiTest.cs:line 657
    at Framework.Core.Utils.Execution.SafeMethodExecutor.Execute(Action method) in C:\Github\WLA_Playwrite\HouseTargaryen\TargaryenSolution\Framework.Core\Utils\Execution\SafeMethodExecutor.cs:line 23 



vstest.console.exe : Test Run Failed.
At line:1 char:142
+ ... @rongmWns"; & "C:\Program Files\Microsoft Visual Studio\2022\Communit ...
+                 ~~~~~~~~~~~~~~~~~~~~~~~~~~~~~~~~~~~~~~~~~~~~~~~~~~~~~~~~~
    + CategoryInfo          : NotSpecified: (Test Run Failed.:String) [], Remo 
   teException
    + FullyQualifiedErrorId : NativeCommandError
 
Total tests: 1
     Failed: 1
 Total time: 3.8964 Seconds
